[2026-07-25T14:35:13.364273+00:00] [validate step 1] Validating specification
[2026-07-25T14:35:14.034702+00:00] [render step 2] Generating secrets and rendering templates
[2026-07-25T14:35:17.565413+00:00] Cloud audit: no HCCE resources found (clean for fresh provision)
[2026-07-25T14:35:17.567530+00:00] [terraform step 3] Running terraform init/plan/apply
[2026-07-25T14:35:22.655993+00:00] [0m[1mInitializing the backend...[0m
[0m[1mInitializing provider plugins...[0m
- Finding hetznercloud/hcloud versions matching "1.50.0"...
- Installing hetznercloud/hcloud v1.50.0...
- Installed hetznercloud/hcloud v1.50.0 (signed by a HashiCorp partner, key ID [0m[1m5219EACB3A77198B[0m[0m)
Partner and community providers are signed by their developers.
If you'd like to know more about provider signing, you can read about it here:
https://www.terraform.io/docs/cli/plugins/signing.html
Terraform has created a lock file [1m.terraform.lock.hcl[0m to record the provider
selections it made above. Include this file in your version control repository
so that Terraform can guarantee to make the same selections by default when
you run "terraform init" in the future.[0m

[0m[1m[32mTerraform has been successfully initialized![0m[32m[0m
[0m[32m
You may now begin working with Terraform. Try running "terraform plan" to see
any changes that are required for your infrastructure. All Terraform commands
should now work.

If you ever set or change modules or backend configuration for Terraform,
rerun this command to reinitialize your working directory. If you forget, other
commands will detect it and remind you to do so if necessary.[0m

[2026-07-25T14:35:22.815740+00:00] 
Terraform used the selected providers to generate the following execution
plan. Resource actions are indicated with the following symbols:
  + create

Terraform will perform the following actions:

  # hcloud_firewall.open_firewall will be created
  + resource "hcloud_firewall" "open_firewall" {
      + id     = (known after apply)
      + labels = (known after apply)
      + name   = "open-firewall"

      + rule {
          + destination_ips = []
          + direction       = "in"
          + protocol        = "icmp"
          + source_ips      = [
              + "0.0.0.0/0",
              + "::/0",
            ]
            # (2 unchanged attributes hidden)
        }
      + rule {
          + destination_ips = []
          + direction       = "in"
          + port            = "1-65535"
          + protocol        = "tcp"
          + source_ips      = [
              + "0.0.0.0/0",
              + "::/0",
            ]
            # (1 unchanged attribute hidden)
        }
      + rule {
          + destination_ips = []
          + direction       = "in"
          + port            = "1-65535"
          + protocol        = "udp"
          + source_ips      = [
              + "0.0.0.0/0",
              + "::/0",
            ]
            # (1 unchanged attribute hidden)
        }
    }

  # hcloud_network.private_network will be created
  + resource "hcloud_network" "private_network" {
      + delete_protection        = false
      + expose_routes_to_vswitch = false
      + id                       = (known after apply)
      + ip_range                 = "10.0.0.0/16"
      + name                     = "kubernetes-cluster"
    }

  # hcloud_network_subnet.private_network_subnet will be created
  + resource "hcloud_network_subnet" "private_network_subnet" {
      + gateway      = (known after apply)
      + id           = (known after apply)
      + ip_range     = "10.0.1.0/24"
      + network_id   = (known after apply)
      + network_zone = "eu-central"
      + type         = "cloud"
    }

  # hcloud_placement_group.my_group will be created
  + resource "hcloud_placement_group" "my_group" {
      + id      = (known after apply)
      + name    = "kubernetes-group"
      + servers = (known after apply)
      + type    = "spread"
    }

  # hcloud_server.master_node will be created
  + resource "hcloud_server" "master_node" {
      + allow_deprecated_images    = false
      + backup_window              = (known after apply)
      + backups                    = false
      + datacenter                 = (known after apply)
      + delete_protection          = false
      + firewall_ids               = (known after apply)
      + id                         = (known after apply)
      + ignore_remote_firewall_ids = false
      + image                      = "ubuntu-24.04"
      + ipv4_address               = (known after apply)
      + ipv6_address               = (known after apply)
      + ipv6_network               = (known after apply)
      + keep_disk                  = false
      + labels                     = {
          + "role"     = "master"
          + "workload" = "database-haproxy"
        }
      + location                   = "nbg1"
      + name                       = "hcce-master-db"
      + placement_group_id         = (known after apply)
      + primary_disk_size          = (known after apply)
      + rebuild_protection         = false
      + server_type                = "cpx12"
      + shutdown_before_deletion   = false
      + ssh_keys                   = (known after apply)
      + status                     = (known after apply)
      + user_data                  = (sensitive value)

      + network {
          + alias_ips   = (known after apply)
          + ip          = "10.0.1.1"
          + mac_address = (known after apply)
          + network_id  = (known after apply)
        }

      + public_net {
          + ipv4         = (known after apply)
          + ipv4_enabled = true
          + ipv6         = (known after apply)
          + ipv6_enabled = true
        }
    }

  # hcloud_server.web_worker will be created
  + resource "hcloud_server" "web_worker" {
      + allow_deprecated_images    = false
      + backup_window              = (known after apply)
      + backups                    = false
      + datacenter                 = (known after apply)
      + delete_protection          = false
      + firewall_ids               = (known after apply)
      + id                         = (known after apply)
      + ignore_remote_firewall_ids = false
      + image                      = "ubuntu-24.04"
      + ipv4_address               = (known after apply)
      + ipv6_address               = (known after apply)
      + ipv6_network               = (known after apply)
      + keep_disk                  = false
      + labels                     = {
          + "role"     = "worker"
          + "workload" = "web"
        }
      + location                   = "nbg1"
      + name                       = "hcce-web-worker"
      + placement_group_id         = (known after apply)
      + primary_disk_size          = (known after apply)
      + rebuild_protection         = false
      + server_type                = "cpx12"
      + shutdown_before_deletion   = false
      + ssh_keys                   = (known after apply)
      + status                     = (known after apply)
      + user_data                  = (sensitive value)

      + network {
          + alias_ips   = (known after apply)
          + ip          = "10.0.1.3"
          + mac_address = (known after apply)
          + network_id  = (known after apply)
        }

      + public_net {
          + ipv4         = (known after apply)
          + ipv4_enabled = true
          + ipv6         = (known after apply)
          + ipv6_enabled = true
        }
    }

  # hcloud_server.webrtc_worker will be created
  + resource "hcloud_server" "webrtc_worker" {
      + allow_deprecated_images    = false
      + backup_window              = (known after apply)
      + backups                    = false
      + datacenter                 = (known after apply)
      + delete_protection          = false
      + firewall_ids               = (known after apply)
      + id                         = (known after apply)
      + ignore_remote_firewall_ids = false
      + image                      = "ubuntu-24.04"
      + ipv4_address               = (known after apply)
      + ipv6_address               = (known after apply)
      + ipv6_network               = (known after apply)
      + keep_disk                  = false
      + labels                     = {
          + "role"     = "worker"
          + "workload" = "webrtc"
        }
      + location                   = "nbg1"
      + name                       = "hcce-webrtc-worker"
      + placement_group_id         = (known after apply)
      + primary_disk_size          = (known after apply)
      + rebuild_protection         = false
      + server_type                = "cpx12"
      + shutdown_before_deletion   = false
      + ssh_keys                   = (known after apply)
      + status                     = (known after apply)
      + user_data                  = (sensitive value)

      + network {
          + alias_ips   = (known after apply)
          + ip          = "10.0.1.2"
          + mac_address = (known after apply)
          + network_id  = (known after apply)
        }

      + public_net {
          + ipv4         = (known after apply)
          + ipv4_enabled = true
          + ipv6         = (known after apply)
          + ipv6_enabled = true
        }
    }

  # hcloud_ssh_key.h_cloud_rsa will be created
  + resource "hcloud_ssh_key" "h_cloud_rsa" {
      + fingerprint = (known after apply)
      + id          = (known after apply)
      + labels      = {}
      + name        = "h_cloud_key"
      + public_key  = <<-EOT
            ssh-ed25519 AAAAC3NzaC1lZDI1NTE5AAAAILpeNyPCk3QM/6eGAs+Zfx+Wj0L3VBkCLnTeziTRyuMC root@5458a7c4f45a
        EOT
    }

Plan: 8 to add, 0 to change, 0 to destroy.

Changes to Outputs:
  + cluster_info            = {
      + master_node   = {
          + name        = "hcce-master-db"
          + private_ip  = "10.0.1.1"
          + public_ip   = (known after apply)
          + server_type = "cpx12"
          + workload    = "database-haproxy"
        }
      + web_worker    = {
          + name        = "hcce-web-worker"
          + private_ip  = "10.0.1.3"
          + public_ip   = (known after apply)
          + server_type = "cpx12"
          + workload    = "web"
        }
      + webrtc_worker = {
          + name        = "hcce-webrtc-worker"
          + private_ip  = "10.0.1.2"
          + public_ip   = (known after apply)
          + server_type = "cpx12"
          + workload    = "webrtc"
        }
    }
  + deployment_instructions = (known after apply)
  + master_node_ip          = (known after apply)
  + private_network_id      = (known after apply)
  + private_network_subnet  = "10.0.1.0/24"
  + ssh_commands            = {
      + master_node   = (known after apply)
      + web_worker    = (known after apply)
      + webrtc_worker = (known after apply)
    }
  + web_worker_ip           = (known after apply)
  + webrtc_worker_ip        = (known after apply)

─────────────────────────────────────────────────────────────────────────────

Note: You didn't use the -out option to save this plan, so Terraform can't
guarantee to take exactly these actions if you run "terraform apply" now.

[2026-07-25T14:36:27.632323+00:00] 
Terraform used the selected providers to generate the following execution
plan. Resource actions are indicated with the following symbols:
  + create

Terraform will perform the following actions:

  # hcloud_firewall.open_firewall will be created
  + resource "hcloud_firewall" "open_firewall" {
      + id     = (known after apply)
      + labels = (known after apply)
      + name   = "open-firewall"

      + rule {
          + destination_ips = []
          + direction       = "in"
          + protocol        = "icmp"
          + source_ips      = [
              + "0.0.0.0/0",
              + "::/0",
            ]
            # (2 unchanged attributes hidden)
        }
      + rule {
          + destination_ips = []
          + direction       = "in"
          + port            = "1-65535"
          + protocol        = "tcp"
          + source_ips      = [
              + "0.0.0.0/0",
              + "::/0",
            ]
            # (1 unchanged attribute hidden)
        }
      + rule {
          + destination_ips = []
          + direction       = "in"
          + port            = "1-65535"
          + protocol        = "udp"
          + source_ips      = [
              + "0.0.0.0/0",
              + "::/0",
            ]
            # (1 unchanged attribute hidden)
        }
    }

  # hcloud_network.private_network will be created
  + resource "hcloud_network" "private_network" {
      + delete_protection        = false
      + expose_routes_to_vswitch = false
      + id                       = (known after apply)
      + ip_range                 = "10.0.0.0/16"
      + name                     = "kubernetes-cluster"
    }

  # hcloud_network_subnet.private_network_subnet will be created
  + resource "hcloud_network_subnet" "private_network_subnet" {
      + gateway      = (known after apply)
      + id           = (known after apply)
      + ip_range     = "10.0.1.0/24"
      + network_id   = (known after apply)
      + network_zone = "eu-central"
      + type         = "cloud"
    }

  # hcloud_placement_group.my_group will be created
  + resource "hcloud_placement_group" "my_group" {
      + id      = (known after apply)
      + name    = "kubernetes-group"
      + servers = (known after apply)
      + type    = "spread"
    }

  # hcloud_server.master_node will be created
  + resource "hcloud_server" "master_node" {
      + allow_deprecated_images    = false
      + backup_window              = (known after apply)
      + backups                    = false
      + datacenter                 = (known after apply)
      + delete_protection          = false
      + firewall_ids               = (known after apply)
      + id                         = (known after apply)
      + ignore_remote_firewall_ids = false
      + image                      = "ubuntu-24.04"
      + ipv4_address               = (known after apply)
      + ipv6_address               = (known after apply)
      + ipv6_network               = (known after apply)
      + keep_disk                  = false
      + labels                     = {
          + "role"     = "master"
          + "workload" = "database-haproxy"
        }
      + location                   = "nbg1"
      + name                       = "hcce-master-db"
      + placement_group_id         = (known after apply)
      + primary_disk_size          = (known after apply)
      + rebuild_protection         = false
      + server_type                = "cpx12"
      + shutdown_before_deletion   = false
      + ssh_keys                   = (known after apply)
      + status                     = (known after apply)
      + user_data                  = (sensitive value)

      + network {
          + alias_ips   = (known after apply)
          + ip          = "10.0.1.1"
          + mac_address = (known after apply)
          + network_id  = (known after apply)
        }

      + public_net {
          + ipv4         = (known after apply)
          + ipv4_enabled = true
          + ipv6         = (known after apply)
          + ipv6_enabled = true
        }
    }

  # hcloud_server.web_worker will be created
  + resource "hcloud_server" "web_worker" {
      + allow_deprecated_images    = false
      + backup_window              = (known after apply)
      + backups                    = false
      + datacenter                 = (known after apply)
      + delete_protection          = false
      + firewall_ids               = (known after apply)
      + id                         = (known after apply)
      + ignore_remote_firewall_ids = false
      + image                      = "ubuntu-24.04"
      + ipv4_address               = (known after apply)
      + ipv6_address               = (known after apply)
      + ipv6_network               = (known after apply)
      + keep_disk                  = false
      + labels                     = {
          + "role"     = "worker"
          + "workload" = "web"
        }
      + location                   = "nbg1"
      + name                       = "hcce-web-worker"
      + placement_group_id         = (known after apply)
      + primary_disk_size          = (known after apply)
      + rebuild_protection         = false
      + server_type                = "cpx12"
      + shutdown_before_deletion   = false
      + ssh_keys                   = (known after apply)
      + status                     = (known after apply)
      + user_data                  = (sensitive value)

      + network {
          + alias_ips   = (known after apply)
          + ip          = "10.0.1.3"
          + mac_address = (known after apply)
          + network_id  = (known after apply)
        }

      + public_net {
          + ipv4         = (known after apply)
          + ipv4_enabled = true
          + ipv6         = (known after apply)
          + ipv6_enabled = true
        }
    }

  # hcloud_server.webrtc_worker will be created
  + resource "hcloud_server" "webrtc_worker" {
      + allow_deprecated_images    = false
      + backup_window              = (known after apply)
      + backups                    = false
      + datacenter                 = (known after apply)
      + delete_protection          = false
      + firewall_ids               = (known after apply)
      + id                         = (known after apply)
      + ignore_remote_firewall_ids = false
      + image                      = "ubuntu-24.04"
      + ipv4_address               = (known after apply)
      + ipv6_address               = (known after apply)
      + ipv6_network               = (known after apply)
      + keep_disk                  = false
      + labels                     = {
          + "role"     = "worker"
          + "workload" = "webrtc"
        }
      + location                   = "nbg1"
      + name                       = "hcce-webrtc-worker"
      + placement_group_id         = (known after apply)
      + primary_disk_size          = (known after apply)
      + rebuild_protection         = false
      + server_type                = "cpx12"
      + shutdown_before_deletion   = false
      + ssh_keys                   = (known after apply)
      + status                     = (known after apply)
      + user_data                  = (sensitive value)

      + network {
          + alias_ips   = (known after apply)
          + ip          = "10.0.1.2"
          + mac_address = (known after apply)
          + network_id  = (known after apply)
        }

      + public_net {
          + ipv4         = (known after apply)
          + ipv4_enabled = true
          + ipv6         = (known after apply)
          + ipv6_enabled = true
        }
    }

  # hcloud_ssh_key.h_cloud_rsa will be created
  + resource "hcloud_ssh_key" "h_cloud_rsa" {
      + fingerprint = (known after apply)
      + id          = (known after apply)
      + labels      = {}
      + name        = "h_cloud_key"
      + public_key  = <<-EOT
            ssh-ed25519 AAAAC3NzaC1lZDI1NTE5AAAAILpeNyPCk3QM/6eGAs+Zfx+Wj0L3VBkCLnTeziTRyuMC root@5458a7c4f45a
        EOT
    }

Plan: 8 to add, 0 to change, 0 to destroy.

Changes to Outputs:
  + cluster_info            = {
      + master_node   = {
          + name        = "hcce-master-db"
          + private_ip  = "10.0.1.1"
          + public_ip   = (known after apply)
          + server_type = "cpx12"
          + workload    = "database-haproxy"
        }
      + web_worker    = {
          + name        = "hcce-web-worker"
          + private_ip  = "10.0.1.3"
          + public_ip   = (known after apply)
          + server_type = "cpx12"
          + workload    = "web"
        }
      + webrtc_worker = {
          + name        = "hcce-webrtc-worker"
          + private_ip  = "10.0.1.2"
          + public_ip   = (known after apply)
          + server_type = "cpx12"
          + workload    = "webrtc"
        }
    }
  + deployment_instructions = (known after apply)
  + master_node_ip          = (known after apply)
  + private_network_id      = (known after apply)
  + private_network_subnet  = "10.0.1.0/24"
  + ssh_commands            = {
      + master_node   = (known after apply)
      + web_worker    = (known after apply)
      + webrtc_worker = (known after apply)
    }
  + web_worker_ip           = (known after apply)
  + webrtc_worker_ip        = (known after apply)
hcloud_placement_group.my_group: Creating...
hcloud_network.private_network: Creating...
hcloud_ssh_key.h_cloud_rsa: Creating...
hcloud_firewall.open_firewall: Creating...
hcloud_ssh_key.h_cloud_rsa: Creation complete after 0s [id=115786540]
hcloud_placement_group.my_group: Creation complete after 1s [id=1795673]
hcloud_network.private_network: Creation complete after 1s [id=12489466]
hcloud_firewall.open_firewall: Creation complete after 1s [id=11367064]
hcloud_network_subnet.private_network_subnet: Creating...
hcloud_network_subnet.private_network_subnet: Creation complete after 0s [id=12489466-10.0.1.0/24]
hcloud_server.master_node: Creating...
hcloud_server.master_node: Still creating... [10s elapsed]
hcloud_server.master_node: Still creating... [20s elapsed]
hcloud_server.master_node: Still creating... [30s elapsed]
hcloud_server.master_node: Creation complete after 30s [id=155125447]
hcloud_server.webrtc_worker: Creating...
hcloud_server.web_worker: Creating...
hcloud_server.web_worker: Still creating... [10s elapsed]
hcloud_server.webrtc_worker: Still creating... [10s elapsed]
hcloud_server.web_worker: Still creating... [20s elapsed]
hcloud_server.webrtc_worker: Still creating... [20s elapsed]
hcloud_server.webrtc_worker: Creation complete after 27s [id=155125523]
hcloud_server.web_worker: Still creating... [30s elapsed]
hcloud_server.web_worker: Creation complete after 34s [id=155125522]

Apply complete! Resources: 8 added, 0 changed, 0 destroyed.

Outputs:

cluster_info = {
  "master_node" = {
    "name" = "hcce-master-db"
    "private_ip" = "10.0.1.1"
    "public_ip" = "195.201.6.152"
    "server_type" = "cpx12"
    "workload" = "database-haproxy"
  }
  "web_worker" = {
    "name" = "hcce-web-worker"
    "private_ip" = "10.0.1.3"
    "public_ip" = "195.201.128.186"
    "server_type" = "cpx12"
    "workload" = "web"
  }
  "webrtc_worker" = {
    "name" = "hcce-webrtc-worker"
    "private_ip" = "10.0.1.2"
    "public_ip" = "91.99.79.57"
    "server_type" = "cpx12"
    "workload" = "webrtc"
  }
}
deployment_instructions = <<EOT
  Multi-node K3s cluster deployment completed!

  Architecture:
  - Master Node (hcce-master-db): Database + HAProxy + API
  - WebRTC Worker (hcce-webrtc-worker): Dialog + Coturn (hostNetwork)
  - Web Worker (hcce-web-worker): Hubs + Spoke + Image Processing

  Next steps:
  1. Verify cluster: ssh cluster@195.201.6.152 'kubectl get nodes -o wide'
  2. Deploy HCCE: kubectl apply -f k3s-setup/hcce/hcce-multinode.yaml
  3. Deploy HAProxy: kubectl apply -f k3s-setup/haproxy/
  4. Deploy metrics-server: kubectl apply -f k3s-setup/metrics-server/

  WebRTC ports (hostNetwork):
  - Dialog: 4443 (on 91.99.79.57)
  - Coturn: 5349 (on 91.99.79.57)

  Server types (nbg1):
  - Master: cpx12
  - WebRTC: cpx12
  - Web: cpx12
  Estimated gross monthly (3 servers): €34.47
  (Load balancer and volumes are additional.)

EOT
master_node_ip = "195.201.6.152"
private_network_id = "12489466"
private_network_subnet = "10.0.1.0/24"
ssh_commands = {
  "master_node" = "ssh cluster@195.201.6.152"
  "web_worker" = "ssh cluster@195.201.128.186"
  "webrtc_worker" = "ssh cluster@91.99.79.57"
}
web_worker_ip = "195.201.128.186"
webrtc_worker_ip = "91.99.79.57"

[2026-07-25T14:36:27.633405+00:00] [cluster step 4] Waiting for cluster ready
[2026-07-25T14:36:29.739680+00:00] cluster@195.201.6.152:/home/cluster/.kube/config: unknown error
[2026-07-25T14:36:30.759701+00:00] cluster@195.201.6.152:/etc/rancher/k3s/k3s.yaml: unknown error
[2026-07-25T14:36:33.085406+00:00] root@195.201.6.152:/home/cluster/.kube/config: unknown error
[2026-07-25T14:36:34.071292+00:00] Fetched kubeconfig from root@195.201.6.152:/etc/rancher/k3s/k3s.yaml
[2026-07-25T14:36:34.592774+00:00] Waiting for 3 Ready nodes (0/3 ready, 0 registered: none)
[2026-07-25T14:37:08.650467+00:00] Waiting for 3 Ready nodes (1/3 ready, 1 registered: hcce-master-db)
[2026-07-25T14:37:39.688651+00:00] Waiting for 3 Ready nodes (2/3 ready, 2 registered: hcce-master-db, hcce-webrtc-worker)
[2026-07-25T14:38:17.194852+00:00] Waiting for 3 Ready nodes (2/3 ready, 2 registered: hcce-master-db, hcce-webrtc-worker)
[2026-07-25T14:38:47.960212+00:00] Waiting for 3 Ready nodes (2/3 ready, 2 registered: hcce-master-db, hcce-webrtc-worker)
[2026-07-25T14:39:25.023206+00:00] Waiting for 3 Ready nodes (2/3 ready, 2 registered: hcce-master-db, hcce-webrtc-worker)
[2026-07-25T14:39:56.195580+00:00] Waiting for 3 Ready nodes (2/3 ready, 2 registered: hcce-master-db, hcce-webrtc-worker)
[2026-07-25T14:40:32.856916+00:00] Waiting for 3 Ready nodes (2/3 ready, 2 registered: hcce-master-db, hcce-webrtc-worker)
[2026-07-25T14:41:03.657811+00:00] Waiting for 3 Ready nodes (2/3 ready, 2 registered: hcce-master-db, hcce-webrtc-worker)
[2026-07-25T14:41:41.384278+00:00] Waiting for 3 Ready nodes (2/3 ready, 2 registered: hcce-master-db, hcce-webrtc-worker)
[2026-07-25T14:42:12.155159+00:00] Waiting for 3 Ready nodes (2/3 ready, 2 registered: hcce-master-db, hcce-webrtc-worker)
[2026-07-25T14:42:49.433277+00:00] Waiting for 3 Ready nodes (2/3 ready, 2 registered: hcce-master-db, hcce-webrtc-worker)
[2026-07-25T14:43:20.383048+00:00] Waiting for 3 Ready nodes (2/3 ready, 2 registered: hcce-master-db, hcce-webrtc-worker)
[2026-07-25T14:43:57.599472+00:00] Waiting for 3 Ready nodes (2/3 ready, 2 registered: hcce-master-db, hcce-webrtc-worker)
[2026-07-25T14:44:28.905814+00:00] Waiting for 3 Ready nodes (2/3 ready, 2 registered: hcce-master-db, hcce-webrtc-worker)
[2026-07-25T14:45:06.389025+00:00] Waiting for 3 Ready nodes (2/3 ready, 2 registered: hcce-master-db, hcce-webrtc-worker)
[2026-07-25T14:45:25.748796+00:00] Cluster join repair started for 1 node(s)
[2026-07-25T14:45:25.749177+00:00] Repair: hcce-web-worker cloud-init still running — waiting
[2026-07-25T14:45:27.895704+00:00] Cluster join repair started for 1 node(s)
[2026-07-25T14:45:27.896117+00:00] Repair: hcce-web-worker cloud-init still running — waiting
[2026-07-25T14:45:30.113057+00:00] Cluster join repair started for 1 node(s)
[2026-07-25T14:45:30.116038+00:00] Repair: hcce-web-worker cloud-init still running — waiting
[2026-07-25T14:45:32.046987+00:00] Cluster join repair finished — 2/3 ready
[2026-07-25T14:45:34.793309+00:00] Cluster join repair finished — 2/3 ready
[2026-07-25T14:45:36.921536+00:00] Cluster join repair finished — 2/3 ready
[2026-07-25T14:45:37.191638+00:00] Waiting for 3 Ready nodes (2/3 ready, 2 registered: hcce-master-db, hcce-webrtc-worker)
[2026-07-25T14:46:14.475296+00:00] Waiting for 3 Ready nodes (2/3 ready, 2 registered: hcce-master-db, hcce-webrtc-worker)
[2026-07-25T14:46:45.224544+00:00] Waiting for 3 Ready nodes (2/3 ready, 2 registered: hcce-master-db, hcce-webrtc-worker)
[2026-07-25T14:46:46.174172+00:00] Cluster join repair started for 1 node(s)
[2026-07-25T14:46:46.175970+00:00] Repair: hcce-web-worker cloud-init still running — waiting
[2026-07-25T14:46:52.204915+00:00] Cluster join stalled 624s — missing: hcce-web-worker
[2026-07-25T14:46:52.205316+00:00] Attempting automatic cluster join repair
[2026-07-25T14:46:53.182537+00:00] Cluster join repair finished — 2/3 ready
[2026-07-25T14:46:58.747243+00:00] Cluster join repair started for 1 node(s)
[2026-07-25T14:46:58.747987+00:00] Repair: hcce-web-worker cloud-init still running — waiting
[2026-07-25T14:47:04.574626+00:00] Cluster join repair finished — 2/3 ready
[2026-07-25T14:47:19.988250+00:00] Waiting for 3 Ready nodes (2/3 ready, 2 registered: hcce-master-db, hcce-webrtc-worker)
[2026-07-25T14:47:43.008981+00:00] Provisioning aborted by user
[2026-07-25T14:47:50.736214+00:00] Waiting for 3 Ready nodes (2/3 ready, 2 registered: hcce-master-db, hcce-webrtc-worker)
[2026-07-25T14:47:56.597269+00:00] Cluster join stalled 688s — missing: hcce-web-worker
[2026-07-25T14:48:01.843722+00:00] Cluster join repair started for 1 node(s)
[2026-07-25T14:48:01.844150+00:00] Repair: hcce-web-worker cloud-init still running — waiting
[2026-07-25T14:48:08.413014+00:00] Cluster join repair finished — 2/3 ready
[2026-07-25T14:48:27.351063+00:00] Waiting for 3 Ready nodes (2/3 ready, 2 registered: hcce-master-db, hcce-webrtc-worker)
[2026-07-25T14:48:58.150657+00:00] Waiting for 3 Ready nodes (2/3 ready, 2 registered: hcce-master-db, hcce-webrtc-worker)
[2026-07-25T14:49:00.657395+00:00] Retry after cluster join failure — worker VMs will be recreated for fresh cloud-init
[2026-07-25T14:49:00.663006+00:00] [validate step 1] Validating specification
[2026-07-25T14:49:01.296788+00:00] [render step 2] Generating secrets and rendering templates
[2026-07-25T14:49:04.175789+00:00] Cluster join stalled 756s — missing: hcce-web-worker
[2026-07-25T14:49:05.637608+00:00] Cloud audit before apply: 7 item(s) — Server still exists: hcce-master-db (155125447), Server still exists: hcce-web-worker (155125522), Server still exists: hcce-webrtc-worker (155125523)
[2026-07-25T14:49:05.638490+00:00] [terraform step 3] Running terraform init/plan/apply
[2026-07-25T14:49:06.231363+00:00] [0m[1mInitializing the backend...[0m
[0m[1mInitializing provider plugins...[0m
- Reusing previous version of hetznercloud/hcloud from the dependency lock file
- Using previously-installed hetznercloud/hcloud v1.50.0

[0m[1m[32mTerraform has been successfully initialized![0m[32m[0m
[0m[32m
You may now begin working with Terraform. Try running "terraform plan" to see
any changes that are required for your infrastructure. All Terraform commands
should now work.

If you ever set or change modules or backend configuration for Terraform,
rerun this command to reinitialize your working directory. If you forget, other
commands will detect it and remind you to do so if necessary.[0m

[2026-07-25T14:49:07.447980+00:00] hcloud_placement_group.my_group: Refreshing state... [id=1795673]
hcloud_ssh_key.h_cloud_rsa: Refreshing state... [id=115786540]
hcloud_network.private_network: Refreshing state... [id=12489466]
hcloud_firewall.open_firewall: Refreshing state... [id=11367064]
hcloud_network_subnet.private_network_subnet: Refreshing state... [id=12489466-10.0.1.0/24]
hcloud_server.master_node: Refreshing state... [id=155125447]
hcloud_server.webrtc_worker: Refreshing state... [id=155125523]
hcloud_server.web_worker: Refreshing state... [id=155125522]

Terraform used the selected providers to generate the following execution
plan. Resource actions are indicated with the following symbols:
-/+ destroy and then create replacement

Terraform will perform the following actions:

  # hcloud_server.master_node must be replaced
-/+ resource "hcloud_server" "master_node" {
      + backup_window              = (known after apply)
      + datacenter                 = (known after apply)
      ~ id                         = "155125447" -> (known after apply)
      ~ ipv4_address               = "195.201.6.152" -> (known after apply)
      ~ ipv6_address               = "2a01:4f8:1c1e:a561::1" -> (known after apply)
      ~ ipv6_network               = "2a01:4f8:1c1e:a561::/64" -> (known after apply)
      + location                   = "nbg1" # forces replacement
        name                       = "hcce-master-db"
      ~ primary_disk_size          = 40 -> (known after apply)
      ~ status                     = "running" -> (known after apply)
        # (14 unchanged attributes hidden)

      - network {
          - alias_ips   = [] -> null
          - ip          = "10.0.1.1" -> null
          - mac_address = "86:00:00:40:d2:26" -> null
          - network_id  = 12489466 -> null
        }
      + network {
          + alias_ips   = (known after apply)
          + ip          = "10.0.1.1"
          + mac_address = (known after apply)
          + network_id  = 12489466
        }

      - public_net {
          - ipv4         = 0 -> null
          - ipv4_enabled = true -> null
          - ipv6         = 0 -> null
          - ipv6_enabled = true -> null
        }
      + public_net {
          + ipv4         = (known after apply)
          + ipv4_enabled = true
          + ipv6         = (known after apply)
          + ipv6_enabled = true
        }
    }

  # hcloud_server.web_worker must be replaced
-/+ resource "hcloud_server" "web_worker" {
      + backup_window              = (known after apply)
      + datacenter                 = (known after apply)
      ~ id                         = "155125522" -> (known after apply)
      ~ ipv4_address               = "195.201.128.186" -> (known after apply)
      ~ ipv6_address               = "2a01:4f8:1c1e:99aa::1" -> (known after apply)
      ~ ipv6_network               = "2a01:4f8:1c1e:99aa::/64" -> (known after apply)
      + location                   = "nbg1" # forces replacement
        name                       = "hcce-web-worker"
      ~ primary_disk_size          = 40 -> (known after apply)
      ~ status                     = "running" -> (known after apply)
        # (14 unchanged attributes hidden)

      - network {
          - alias_ips   = [] -> null
          - ip          = "10.0.1.3" -> null
          - mac_address = "86:00:00:40:d2:1f" -> null
          - network_id  = 12489466 -> null
        }
      + network {
          + alias_ips   = (known after apply)
          + ip          = "10.0.1.3"
          + mac_address = (known after apply)
          + network_id  = 12489466
        }

      - public_net {
          - ipv4         = 0 -> null
          - ipv4_enabled = true -> null
          - ipv6         = 0 -> null
          - ipv6_enabled = true -> null
        }
      + public_net {
          + ipv4         = (known after apply)
          + ipv4_enabled = true
          + ipv6         = (known after apply)
          + ipv6_enabled = true
        }
    }

  # hcloud_server.webrtc_worker must be replaced
-/+ resource "hcloud_server" "webrtc_worker" {
      + backup_window              = (known after apply)
      + datacenter                 = (known after apply)
      ~ id                         = "155125523" -> (known after apply)
      ~ ipv4_address               = "91.99.79.57" -> (known after apply)
      ~ ipv6_address               = "2a01:4f8:1c1e:8ae0::1" -> (known after apply)
      ~ ipv6_network               = "2a01:4f8:1c1e:8ae0::/64" -> (known after apply)
      + location                   = "nbg1" # forces replacement
        name                       = "hcce-webrtc-worker"
      ~ primary_disk_size          = 40 -> (known after apply)
      ~ status                     = "running" -> (known after apply)
        # (14 unchanged attributes hidden)

      - network {
          - alias_ips   = [] -> null
          - ip          = "10.0.1.2" -> null
          - mac_address = "86:00:00:40:d2:21" -> null
          - network_id  = 12489466 -> null
        }
      + network {
          + alias_ips   = (known after apply)
          + ip          = "10.0.1.2"
          + mac_address = (known after apply)
          + network_id  = 12489466
        }

      - public_net {
          - ipv4         = 0 -> null
          - ipv4_enabled = true -> null
          - ipv6         = 0 -> null
          - ipv6_enabled = true -> null
        }
      + public_net {
          + ipv4         = (known after apply)
          + ipv4_enabled = true
          + ipv6         = (known after apply)
          + ipv6_enabled = true
        }
    }

Plan: 3 to add, 0 to change, 3 to destroy.

Changes to Outputs:
  ~ cluster_info            = {
      ~ master_node   = {
            name        = "hcce-master-db"
          ~ public_ip   = "195.201.6.152" -> (known after apply)
            # (3 unchanged attributes hidden)
        }
      ~ web_worker    = {
            name        = "hcce-web-worker"
          ~ public_ip   = "195.201.128.186" -> (known after apply)
            # (3 unchanged attributes hidden)
        }
      ~ webrtc_worker = {
            name        = "hcce-webrtc-worker"
          ~ public_ip   = "91.99.79.57" -> (known after apply)
            # (3 unchanged attributes hidden)
        }
    }
  ~ deployment_instructions = <<-EOT
        Multi-node K3s cluster deployment completed!
        
          Architecture:
          - Master Node (hcce-master-db): Database + HAProxy + API
          - WebRTC Worker (hcce-webrtc-worker): Dialog + Coturn (hostNetwork)
          - Web Worker (hcce-web-worker): Hubs + Spoke + Image Processing
        
          Next steps:
          1. Verify cluster: ssh cluster@195.201.6.152 'kubectl get nodes -o wide'
          2. Deploy HCCE: kubectl apply -f k3s-setup/hcce/hcce-multinode.yaml
          3. Deploy HAProxy: kubectl apply -f k3s-setup/haproxy/
          4. Deploy metrics-server: kubectl apply -f k3s-setup/metrics-server/
        
          WebRTC ports (hostNetwork):
          - Dialog: 4443 (on 91.99.79.57)
          - Coturn: 5349 (on 91.99.79.57)
        
          Server types (nbg1):
          - Master: cpx12
          - WebRTC: cpx12
          - Web: cpx12
          Estimated gross monthly (3 servers): €34.47
          (Load balancer and volumes are additional.)
    EOT -> (known after apply)
  ~ master_node_ip          = "195.201.6.152" -> (known after apply)
  ~ ssh_commands            = {
      ~ master_node   = "ssh cluster@195.201.6.152" -> (known after apply)
      ~ web_worker    = "ssh cluster@195.201.128.186" -> (known after apply)
      ~ webrtc_worker = "ssh cluster@91.99.79.57" -> (known after apply)
    }
  ~ web_worker_ip           = "195.201.128.186" -> (known after apply)
  ~ webrtc_worker_ip        = "91.99.79.57" -> (known after apply)

─────────────────────────────────────────────────────────────────────────────

Note: You didn't use the -out option to save this plan, so Terraform can't
guarantee to take exactly these actions if you run "terraform apply" now.

[2026-07-25T14:49:07.448846+00:00] Recreating worker servers (fresh cloud-init) — previous run left partially configured VMs
[2026-07-25T14:50:42.231894+00:00] Cluster join stalled 854s — missing: hcce-master-db, hcce-webrtc-worker, hcce-web-worker
[2026-07-25T14:51:32.712632+00:00] hcloud_placement_group.my_group: Refreshing state... [id=1795673]
hcloud_network.private_network: Refreshing state... [id=12489466]
hcloud_ssh_key.h_cloud_rsa: Refreshing state... [id=115786540]
hcloud_firewall.open_firewall: Refreshing state... [id=11367064]
hcloud_network_subnet.private_network_subnet: Refreshing state... [id=12489466-10.0.1.0/24]
hcloud_server.master_node: Refreshing state... [id=155125447]
hcloud_server.web_worker: Refreshing state... [id=155125522]
hcloud_server.webrtc_worker: Refreshing state... [id=155125523]

Terraform used the selected providers to generate the following execution
plan. Resource actions are indicated with the following symbols:
-/+ destroy and then create replacement

Terraform will perform the following actions:

  # hcloud_server.master_node must be replaced
-/+ resource "hcloud_server" "master_node" {
      + backup_window              = (known after apply)
      + datacenter                 = (known after apply)
      ~ id                         = "155125447" -> (known after apply)
      ~ ipv4_address               = "195.201.6.152" -> (known after apply)
      ~ ipv6_address               = "2a01:4f8:1c1e:a561::1" -> (known after apply)
      ~ ipv6_network               = "2a01:4f8:1c1e:a561::/64" -> (known after apply)
      + location                   = "nbg1" # forces replacement
        name                       = "hcce-master-db"
      ~ primary_disk_size          = 40 -> (known after apply)
      ~ status                     = "running" -> (known after apply)
        # (14 unchanged attributes hidden)

      - network {
          - alias_ips   = [] -> null
          - ip          = "10.0.1.1" -> null
          - mac_address = "86:00:00:40:d2:26" -> null
          - network_id  = 12489466 -> null
        }
      + network {
          + alias_ips   = (known after apply)
          + ip          = "10.0.1.1"
          + mac_address = (known after apply)
          + network_id  = 12489466
        }

      - public_net {
          - ipv4         = 0 -> null
          - ipv4_enabled = true -> null
          - ipv6         = 0 -> null
          - ipv6_enabled = true -> null
        }
      + public_net {
          + ipv4         = (known after apply)
          + ipv4_enabled = true
          + ipv6         = (known after apply)
          + ipv6_enabled = true
        }
    }

  # hcloud_server.web_worker will be replaced, as requested
-/+ resource "hcloud_server" "web_worker" {
      + backup_window              = (known after apply)
      + datacenter                 = (known after apply)
      ~ id                         = "155125522" -> (known after apply)
      ~ ipv4_address               = "195.201.128.186" -> (known after apply)
      ~ ipv6_address               = "2a01:4f8:1c1e:99aa::1" -> (known after apply)
      ~ ipv6_network               = "2a01:4f8:1c1e:99aa::/64" -> (known after apply)
      + location                   = "nbg1" # forces replacement
        name                       = "hcce-web-worker"
      ~ primary_disk_size          = 40 -> (known after apply)
      ~ status                     = "running" -> (known after apply)
        # (14 unchanged attributes hidden)

      - network {
          - alias_ips   = [] -> null
          - ip          = "10.0.1.3" -> null
          - mac_address = "86:00:00:40:d2:1f" -> null
          - network_id  = 12489466 -> null
        }
      + network {
          + alias_ips   = (known after apply)
          + ip          = "10.0.1.3"
          + mac_address = (known after apply)
          + network_id  = 12489466
        }

      - public_net {
          - ipv4         = 0 -> null
          - ipv4_enabled = true -> null
          - ipv6         = 0 -> null
          - ipv6_enabled = true -> null
        }
      + public_net {
          + ipv4         = (known after apply)
          + ipv4_enabled = true
          + ipv6         = (known after apply)
          + ipv6_enabled = true
        }
    }

  # hcloud_server.webrtc_worker will be replaced, as requested
-/+ resource "hcloud_server" "webrtc_worker" {
      + backup_window              = (known after apply)
      + datacenter                 = (known after apply)
      ~ id                         = "155125523" -> (known after apply)
      ~ ipv4_address               = "91.99.79.57" -> (known after apply)
      ~ ipv6_address               = "2a01:4f8:1c1e:8ae0::1" -> (known after apply)
      ~ ipv6_network               = "2a01:4f8:1c1e:8ae0::/64" -> (known after apply)
      + location                   = "nbg1" # forces replacement
        name                       = "hcce-webrtc-worker"
      ~ primary_disk_size          = 40 -> (known after apply)
      ~ status                     = "running" -> (known after apply)
        # (14 unchanged attributes hidden)

      - network {
          - alias_ips   = [] -> null
          - ip          = "10.0.1.2" -> null
          - mac_address = "86:00:00:40:d2:21" -> null
          - network_id  = 12489466 -> null
        }
      + network {
          + alias_ips   = (known after apply)
          + ip          = "10.0.1.2"
          + mac_address = (known after apply)
          + network_id  = 12489466
        }

      - public_net {
          - ipv4         = 0 -> null
          - ipv4_enabled = true -> null
          - ipv6         = 0 -> null
          - ipv6_enabled = true -> null
        }
      + public_net {
          + ipv4         = (known after apply)
          + ipv4_enabled = true
          + ipv6         = (known after apply)
          + ipv6_enabled = true
        }
    }

Plan: 3 to add, 0 to change, 3 to destroy.

Changes to Outputs:
  ~ cluster_info            = {
      ~ master_node   = {
            name        = "hcce-master-db"
          ~ public_ip   = "195.201.6.152" -> (known after apply)
            # (3 unchanged attributes hidden)
        }
      ~ web_worker    = {
            name        = "hcce-web-worker"
          ~ public_ip   = "195.201.128.186" -> (known after apply)
            # (3 unchanged attributes hidden)
        }
      ~ webrtc_worker = {
            name        = "hcce-webrtc-worker"
          ~ public_ip   = "91.99.79.57" -> (known after apply)
            # (3 unchanged attributes hidden)
        }
    }
  ~ deployment_instructions = <<-EOT
        Multi-node K3s cluster deployment completed!
        
          Architecture:
          - Master Node (hcce-master-db): Database + HAProxy + API
          - WebRTC Worker (hcce-webrtc-worker): Dialog + Coturn (hostNetwork)
          - Web Worker (hcce-web-worker): Hubs + Spoke + Image Processing
        
          Next steps:
          1. Verify cluster: ssh cluster@195.201.6.152 'kubectl get nodes -o wide'
          2. Deploy HCCE: kubectl apply -f k3s-setup/hcce/hcce-multinode.yaml
          3. Deploy HAProxy: kubectl apply -f k3s-setup/haproxy/
          4. Deploy metrics-server: kubectl apply -f k3s-setup/metrics-server/
        
          WebRTC ports (hostNetwork):
          - Dialog: 4443 (on 91.99.79.57)
          - Coturn: 5349 (on 91.99.79.57)
        
          Server types (nbg1):
          - Master: cpx12
          - WebRTC: cpx12
          - Web: cpx12
          Estimated gross monthly (3 servers): €34.47
          (Load balancer and volumes are additional.)
    EOT -> (known after apply)
  ~ master_node_ip          = "195.201.6.152" -> (known after apply)
  ~ ssh_commands            = {
      ~ master_node   = "ssh cluster@195.201.6.152" -> (known after apply)
      ~ web_worker    = "ssh cluster@195.201.128.186" -> (known after apply)
      ~ webrtc_worker = "ssh cluster@91.99.79.57" -> (known after apply)
    }
  ~ web_worker_ip           = "195.201.128.186" -> (known after apply)
  ~ webrtc_worker_ip        = "91.99.79.57" -> (known after apply)
hcloud_server.webrtc_worker: Destroying... [id=155125523]
hcloud_server.web_worker: Destroying... [id=155125522]
hcloud_server.webrtc_worker: Still destroying... [id=155125523, 10s elapsed]
hcloud_server.web_worker: Still destroying... [id=155125522, 10s elapsed]
hcloud_server.webrtc_worker: Destruction complete after 17s
hcloud_server.web_worker: Still destroying... [id=155125522, 20s elapsed]
hcloud_server.web_worker: Still destroying... [id=155125522, 30s elapsed]
hcloud_server.web_worker: Destruction complete after 33s
hcloud_server.master_node: Destroying... [id=155125447]
hcloud_server.master_node: Still destroying... [id=155125447, 10s elapsed]
hcloud_server.master_node: Still destroying... [id=155125447, 20s elapsed]
hcloud_server.master_node: Still destroying... [id=155125447, 30s elapsed]
hcloud_server.master_node: Destruction complete after 33s
hcloud_server.master_node: Creating...
hcloud_server.master_node: Still creating... [10s elapsed]
hcloud_server.master_node: Still creating... [20s elapsed]
hcloud_server.master_node: Creation complete after 29s [id=155129116]
hcloud_server.web_worker: Creating...
hcloud_server.webrtc_worker: Creating...
hcloud_server.web_worker: Still creating... [10s elapsed]
hcloud_server.webrtc_worker: Still creating... [10s elapsed]
hcloud_server.web_worker: Still creating... [20s elapsed]
hcloud_server.webrtc_worker: Still creating... [20s elapsed]
hcloud_server.web_worker: Creation complete after 29s [id=155129228]
hcloud_server.webrtc_worker: Still creating... [30s elapsed]
hcloud_server.webrtc_worker: Still creating... [40s elapsed]
hcloud_server.webrtc_worker: Creation complete after 50s [id=155129229]

Apply complete! Resources: 3 added, 0 changed, 3 destroyed.

Outputs:

cluster_info = {
  "master_node" = {
    "name" = "hcce-master-db"
    "private_ip" = "10.0.1.1"
    "public_ip" = "195.201.6.152"
    "server_type" = "cpx12"
    "workload" = "database-haproxy"
  }
  "web_worker" = {
    "name" = "hcce-web-worker"
    "private_ip" = "10.0.1.3"
    "public_ip" = "91.99.79.57"
    "server_type" = "cpx12"
    "workload" = "web"
  }
  "webrtc_worker" = {
    "name" = "hcce-webrtc-worker"
    "private_ip" = "10.0.1.2"
    "public_ip" = "195.201.128.186"
    "server_type" = "cpx12"
    "workload" = "webrtc"
  }
}
deployment_instructions = <<EOT
  Multi-node K3s cluster deployment completed!

  Architecture:
  - Master Node (hcce-master-db): Database + HAProxy + API
  - WebRTC Worker (hcce-webrtc-worker): Dialog + Coturn (hostNetwork)
  - Web Worker (hcce-web-worker): Hubs + Spoke + Image Processing

  Next steps:
  1. Verify cluster: ssh cluster@195.201.6.152 'kubectl get nodes -o wide'
  2. Deploy HCCE: kubectl apply -f k3s-setup/hcce/hcce-multinode.yaml
  3. Deploy HAProxy: kubectl apply -f k3s-setup/haproxy/
  4. Deploy metrics-server: kubectl apply -f k3s-setup/metrics-server/

  WebRTC ports (hostNetwork):
  - Dialog: 4443 (on 195.201.128.186)
  - Coturn: 5349 (on 195.201.128.186)

  Server types (nbg1):
  - Master: cpx12
  - WebRTC: cpx12
  - Web: cpx12
  Estimated gross monthly (3 servers): €34.47
  (Load balancer and volumes are additional.)

EOT
master_node_ip = "195.201.6.152"
private_network_id = "12489466"
private_network_subnet = "10.0.1.0/24"
ssh_commands = {
  "master_node" = "ssh cluster@195.201.6.152"
  "web_worker" = "ssh cluster@91.99.79.57"
  "webrtc_worker" = "ssh cluster@195.201.128.186"
}
web_worker_ip = "91.99.79.57"
webrtc_worker_ip = "195.201.128.186"

[2026-07-25T14:51:32.713756+00:00] [cluster step 4] Waiting for cluster ready
[2026-07-25T14:51:34.862654+00:00] cluster@195.201.6.152:/home/cluster/.kube/config: unknown error
[2026-07-25T14:51:35.890393+00:00] cluster@195.201.6.152:/etc/rancher/k3s/k3s.yaml: unknown error
[2026-07-25T14:51:38.013579+00:00] root@195.201.6.152:/home/cluster/.kube/config: unknown error
[2026-07-25T14:51:38.969942+00:00] Fetched kubeconfig from root@195.201.6.152:/etc/rancher/k3s/k3s.yaml
[2026-07-25T14:51:39.260098+00:00] Waiting for 3 Ready nodes (1/3 ready, 1 registered: hcce-master-db)
[2026-07-25T14:51:59.981970+00:00] Waiting for 3 Ready nodes (1/3 ready, 1 registered: hcce-master-db)
[2026-07-25T14:52:21.862468+00:00] Waiting for 3 Ready nodes (1/3 ready, 1 registered: hcce-master-db)
[2026-07-25T14:52:30.770826+00:00] Waiting for 3 Ready nodes (1/3 ready, 1 registered: hcce-master-db)
[2026-07-25T14:52:52.528444+00:00] Waiting for 3 Ready nodes (1/3 ready, 1 registered: hcce-master-db)
[2026-07-25T14:53:12.618699+00:00] Waiting for 3 Ready nodes (1/3 ready, 1 registered: hcce-master-db)
[2026-07-25T14:53:36.063058+00:00] Waiting for 3 Ready nodes (1/3 ready, 1 registered: hcce-master-db)
[2026-07-25T14:53:43.361033+00:00] Waiting for 3 Ready nodes (1/3 ready, 1 registered: hcce-master-db)
[2026-07-25T14:54:06.751884+00:00] Waiting for 3 Ready nodes (1/3 ready, 1 registered: hcce-master-db)
[2026-07-25T14:54:09.181536+00:00] Cluster join repair started for 2 node(s)
[2026-07-25T14:54:09.182119+00:00] Repair: hcce-webrtc-worker cloud-init still running — waiting
[2026-07-25T14:54:09.182595+00:00] Repair: hcce-web-worker cloud-init still running — waiting
[2026-07-25T14:54:21.301355+00:00] Cluster join repair finished — 1/3 ready
[2026-07-25T14:54:25.001523+00:00] Waiting for 3 Ready nodes (1/3 ready, 1 registered: hcce-master-db)
[2026-07-25T14:54:49.070685+00:00] Waiting for 3 Ready nodes (1/3 ready, 1 registered: hcce-master-db)
[2026-07-25T14:54:55.691108+00:00] Waiting for 3 Ready nodes (1/3 ready, 1 registered: hcce-master-db)
[2026-07-25T14:55:18.917508+00:00] Provisioning aborted by user
[2026-07-25T14:55:20.099068+00:00] Waiting for 3 Ready nodes (1/3 ready, 1 registered: hcce-master-db)
[2026-07-25T14:55:30.471173+00:00] [destroy step 0] Destroying hetzner cluster infrastructure
[2026-07-25T14:55:30.471433+00:00] Destroy started — terraform destroy (servers, network, firewall). Kubernetes load balancers and CSI volumes are kept on purpose.
[2026-07-25T14:55:31.647293+00:00] Found 3 cluster server(s). Will keep 0 load balancer(s) and 0 CSI volume(s) if present.
[2026-07-25T14:55:39.428256+00:00] Waiting for 3 Ready nodes (1/3 ready, 1 registered: hcce-master-db)
[2026-07-25T14:56:02.699578+00:00] Waiting for 3 Ready nodes (1/3 ready, 1 registered: hcce-master-db)
[2026-07-25T14:56:38.089541+00:00] hcloud_ssh_key.h_cloud_rsa: Refreshing state... [id=115786540]
hcloud_network.private_network: Refreshing state... [id=12489466]
hcloud_placement_group.my_group: Refreshing state... [id=1795673]
hcloud_firewall.open_firewall: Refreshing state... [id=11367064]
hcloud_network_subnet.private_network_subnet: Refreshing state... [id=12489466-10.0.1.0/24]
hcloud_server.master_node: Refreshing state... [id=155129116]
hcloud_server.web_worker: Refreshing state... [id=155129228]
hcloud_server.webrtc_worker: Refreshing state... [id=155129229]

Terraform used the selected providers to generate the following execution
plan. Resource actions are indicated with the following symbols:
  - destroy

Terraform will perform the following actions:

  # hcloud_firewall.open_firewall will be destroyed
  - resource "hcloud_firewall" "open_firewall" {
      - id     = "11367064" -> null
      - labels = {} -> null
      - name   = "open-firewall" -> null

      - apply_to {
          - server         = 155129116 -> null
            # (1 unchanged attribute hidden)
        }
      - apply_to {
          - server         = 155129228 -> null
            # (1 unchanged attribute hidden)
        }
      - apply_to {
          - server         = 155129229 -> null
            # (1 unchanged attribute hidden)
        }

      - rule {
          - destination_ips = [] -> null
          - direction       = "in" -> null
          - protocol        = "icmp" -> null
          - source_ips      = [
              - "0.0.0.0/0",
              - "::/0",
            ] -> null
            # (2 unchanged attributes hidden)
        }
      - rule {
          - destination_ips = [] -> null
          - direction       = "in" -> null
          - port            = "1-65535" -> null
          - protocol        = "tcp" -> null
          - source_ips      = [
              - "0.0.0.0/0",
              - "::/0",
            ] -> null
            # (1 unchanged attribute hidden)
        }
      - rule {
          - destination_ips = [] -> null
          - direction       = "in" -> null
          - port            = "1-65535" -> null
          - protocol        = "udp" -> null
          - source_ips      = [
              - "0.0.0.0/0",
              - "::/0",
            ] -> null
            # (1 unchanged attribute hidden)
        }
    }

  # hcloud_network.private_network will be destroyed
  - resource "hcloud_network" "private_network" {
      - delete_protection        = false -> null
      - expose_routes_to_vswitch = false -> null
      - id                       = "12489466" -> null
      - ip_range                 = "10.0.0.0/16" -> null
      - labels                   = {} -> null
      - name                     = "kubernetes-cluster" -> null
    }

  # hcloud_network_subnet.private_network_subnet will be destroyed
  - resource "hcloud_network_subnet" "private_network_subnet" {
      - gateway      = "10.0.0.1" -> null
      - id           = "12489466-10.0.1.0/24" -> null
      - ip_range     = "10.0.1.0/24" -> null
      - network_id   = 12489466 -> null
      - network_zone = "eu-central" -> null
      - type         = "cloud" -> null
    }

  # hcloud_placement_group.my_group will be destroyed
  - resource "hcloud_placement_group" "my_group" {
      - id      = "1795673" -> null
      - labels  = {} -> null
      - name    = "kubernetes-group" -> null
      - servers = [
          - 155129116,
          - 155129228,
          - 155129229,
        ] -> null
      - type    = "spread" -> null
    }

  # hcloud_server.master_node will be destroyed
  - resource "hcloud_server" "master_node" {
      - allow_deprecated_images    = false -> null
      - backups                    = false -> null
      - delete_protection          = false -> null
      - firewall_ids               = [
          - 11367064,
        ] -> null
      - id                         = "155129116" -> null
      - ignore_remote_firewall_ids = false -> null
      - image                      = "ubuntu-24.04" -> null
      - ipv4_address               = "195.201.6.152" -> null
      - ipv6_address               = "2a01:4f8:1c1e:a561::1" -> null
      - ipv6_network               = "2a01:4f8:1c1e:a561::/64" -> null
      - keep_disk                  = false -> null
      - labels                     = {
          - "role"     = "master"
          - "workload" = "database-haproxy"
        } -> null
      - name                       = "hcce-master-db" -> null
      - placement_group_id         = 1795673 -> null
      - primary_disk_size          = 40 -> null
      - rebuild_protection         = false -> null
      - server_type                = "cpx12" -> null
      - shutdown_before_deletion   = false -> null
      - ssh_keys                   = [
          - "115786540",
        ] -> null
      - status                     = "running" -> null
      - user_data                  = (sensitive value) -> null
        # (3 unchanged attributes hidden)

      - network {
          - alias_ips   = [] -> null
          - ip          = "10.0.1.1" -> null
          - mac_address = "86:00:00:40:d1:95" -> null
          - network_id  = 12489466 -> null
        }

      - public_net {
          - ipv4         = 0 -> null
          - ipv4_enabled = true -> null
          - ipv6         = 0 -> null
          - ipv6_enabled = true -> null
        }
    }

  # hcloud_server.web_worker will be destroyed
  - resource "hcloud_server" "web_worker" {
      - allow_deprecated_images    = false -> null
      - backups                    = false -> null
      - delete_protection          = false -> null
      - firewall_ids               = [
          - 11367064,
        ] -> null
      - id                         = "155129228" -> null
      - ignore_remote_firewall_ids = false -> null
      - image                      = "ubuntu-24.04" -> null
      - ipv4_address               = "91.99.79.57" -> null
      - ipv6_address               = "2a01:4f8:1c1e:99aa::1" -> null
      - ipv6_network               = "2a01:4f8:1c1e:99aa::/64" -> null
      - keep_disk                  = false -> null
      - labels                     = {
          - "role"     = "worker"
          - "workload" = "web"
        } -> null
      - name                       = "hcce-web-worker" -> null
      - placement_group_id         = 1795673 -> null
      - primary_disk_size          = 40 -> null
      - rebuild_protection         = false -> null
      - server_type                = "cpx12" -> null
      - shutdown_before_deletion   = false -> null
      - ssh_keys                   = [
          - "115786540",
        ] -> null
      - status                     = "running" -> null
      - user_data                  = (sensitive value) -> null
        # (3 unchanged attributes hidden)

      - network {
          - alias_ips   = [] -> null
          - ip          = "10.0.1.3" -> null
          - mac_address = "86:00:00:40:d1:92" -> null
          - network_id  = 12489466 -> null
        }

      - public_net {
          - ipv4         = 0 -> null
          - ipv4_enabled = true -> null
          - ipv6         = 0 -> null
          - ipv6_enabled = true -> null
        }
    }

  # hcloud_server.webrtc_worker will be destroyed
  - resource "hcloud_server" "webrtc_worker" {
      - allow_deprecated_images    = false -> null
      - backups                    = false -> null
      - delete_protection          = false -> null
      - firewall_ids               = [
          - 11367064,
        ] -> null
      - id                         = "155129229" -> null
      - ignore_remote_firewall_ids = false -> null
      - image                      = "ubuntu-24.04" -> null
      - ipv4_address               = "195.201.128.186" -> null
      - ipv6_address               = "2a01:4f8:1c1e:8ae0::1" -> null
      - ipv6_network               = "2a01:4f8:1c1e:8ae0::/64" -> null
      - keep_disk                  = false -> null
      - labels                     = {
          - "role"     = "worker"
          - "workload" = "webrtc"
        } -> null
      - name                       = "hcce-webrtc-worker" -> null
      - placement_group_id         = 1795673 -> null
      - primary_disk_size          = 40 -> null
      - rebuild_protection         = false -> null
      - server_type                = "cpx12" -> null
      - shutdown_before_deletion   = false -> null
      - ssh_keys                   = [
          - "115786540",
        ] -> null
      - status                     = "running" -> null
      - user_data                  = (sensitive value) -> null
        # (3 unchanged attributes hidden)

      - network {
          - alias_ips   = [] -> null
          - ip          = "10.0.1.2" -> null
          - mac_address = "86:00:00:40:d1:91" -> null
          - network_id  = 12489466 -> null
        }

      - public_net {
          - ipv4         = 0 -> null
          - ipv4_enabled = true -> null
          - ipv6         = 0 -> null
          - ipv6_enabled = true -> null
        }
    }

  # hcloud_ssh_key.h_cloud_rsa will be destroyed
  - resource "hcloud_ssh_key" "h_cloud_rsa" {
      - fingerprint = "03:7a:15:98:a2:3d:b4:aa:a2:3b:d3:76:37:b9:34:db" -> null
      - id          = "115786540" -> null
      - labels      = {} -> null
      - name        = "h_cloud_key" -> null
      - public_key  = <<-EOT
            ssh-ed25519 AAAAC3NzaC1lZDI1NTE5AAAAILpeNyPCk3QM/6eGAs+Zfx+Wj0L3VBkCLnTeziTRyuMC root@5458a7c4f45a
        EOT -> null
    }

Plan: 0 to add, 0 to change, 8 to destroy.

Changes to Outputs:
  - cluster_info            = {
      - master_node   = {
          - name        = "hcce-master-db"
          - private_ip  = "10.0.1.1"
          - public_ip   = "195.201.6.152"
          - server_type = "cpx12"
          - workload    = "database-haproxy"
        }
      - web_worker    = {
          - name        = "hcce-web-worker"
          - private_ip  = "10.0.1.3"
          - public_ip   = "91.99.79.57"
          - server_type = "cpx12"
          - workload    = "web"
        }
      - webrtc_worker = {
          - name        = "hcce-webrtc-worker"
          - private_ip  = "10.0.1.2"
          - public_ip   = "195.201.128.186"
          - server_type = "cpx12"
          - workload    = "webrtc"
        }
    } -> null
  - deployment_instructions = <<-EOT
        Multi-node K3s cluster deployment completed!
        
          Architecture:
          - Master Node (hcce-master-db): Database + HAProxy + API
          - WebRTC Worker (hcce-webrtc-worker): Dialog + Coturn (hostNetwork)
          - Web Worker (hcce-web-worker): Hubs + Spoke + Image Processing
        
          Next steps:
          1. Verify cluster: ssh cluster@195.201.6.152 'kubectl get nodes -o wide'
          2. Deploy HCCE: kubectl apply -f k3s-setup/hcce/hcce-multinode.yaml
          3. Deploy HAProxy: kubectl apply -f k3s-setup/haproxy/
          4. Deploy metrics-server: kubectl apply -f k3s-setup/metrics-server/
        
          WebRTC ports (hostNetwork):
          - Dialog: 4443 (on 195.201.128.186)
          - Coturn: 5349 (on 195.201.128.186)
        
          Server types (nbg1):
          - Master: cpx12
          - WebRTC: cpx12
          - Web: cpx12
          Estimated gross monthly (3 servers): €34.47
          (Load balancer and volumes are additional.)
    EOT -> null
  - master_node_ip          = "195.201.6.152" -> null
  - private_network_id      = "12489466" -> null
  - private_network_subnet  = "10.0.1.0/24" -> null
  - ssh_commands            = {
      - master_node   = "ssh cluster@195.201.6.152"
      - web_worker    = "ssh cluster@91.99.79.57"
      - webrtc_worker = "ssh cluster@195.201.128.186"
    } -> null
  - web_worker_ip           = "91.99.79.57" -> null
  - webrtc_worker_ip        = "195.201.128.186" -> null
hcloud_server.webrtc_worker: Destroying... [id=155129229]
hcloud_server.web_worker: Destroying... [id=155129228]
hcloud_server.webrtc_worker: Still destroying... [id=155129229, 10s elapsed]
hcloud_server.web_worker: Still destroying... [id=155129228, 10s elapsed]
hcloud_server.webrtc_worker: Still destroying... [id=155129229, 20s elapsed]
hcloud_server.web_worker: Still destroying... [id=155129228, 20s elapsed]
hcloud_server.webrtc_worker: Still destroying... [id=155129229, 30s elapsed]
hcloud_server.web_worker: Still destroying... [id=155129228, 30s elapsed]
hcloud_server.webrtc_worker: Destruction complete after 32s
hcloud_server.web_worker: Destruction complete after 32s
hcloud_server.master_node: Destroying... [id=155129116]
hcloud_server.master_node: Still destroying... [id=155129116, 10s elapsed]
hcloud_server.master_node: Still destroying... [id=155129116, 20s elapsed]
hcloud_server.master_node: Still destroying... [id=155129116, 30s elapsed]
hcloud_server.master_node: Destruction complete after 33s
hcloud_network_subnet.private_network_subnet: Destroying... [id=12489466-10.0.1.0/24]
hcloud_placement_group.my_group: Destroying... [id=1795673]
hcloud_firewall.open_firewall: Destroying... [id=11367064]
hcloud_ssh_key.h_cloud_rsa: Destroying... [id=115786540]
hcloud_placement_group.my_group: Destruction complete after 0s
hcloud_ssh_key.h_cloud_rsa: Destruction complete after 0s
hcloud_firewall.open_firewall: Destruction complete after 0s
hcloud_network_subnet.private_network_subnet: Destruction complete after 0s
hcloud_network.private_network: Destroying... [id=12489466]
hcloud_network.private_network: Destruction complete after 0s

Destroy complete! Resources: 8 destroyed.

[2026-07-25T14:56:38.090170+00:00] Terraform destroy completed
[2026-07-25T14:56:40.177495+00:00] [idle step 0] Cluster infrastructure destroyed — ready to provision again
[2026-07-25T14:56:40.179666+00:00] Destroy complete — hetzner cluster infrastructure removed
[2026-07-25T14:56:55.484626+00:00] [idle step 1] Cluster infrastructure destroyed — ready to provision again ERROR: Timeout waiting for 3 nodes to become Ready — missing or not ready: hcce-master-db, hcce-webrtc-worker, hcce-web-worker. Try automatic repair from the progress page.
[2026-07-25T14:56:55.486624+00:00] Background pipeline exited with error: Timeout waiting for 3 nodes to become Ready — missing or not ready: hcce-master-db, hcce-webrtc-worker, hcce-web-worker. Try automatic repair from the progress page.
